// Jest Snapshot v1, https://goo.gl/fbAQLP

exports[`Lyrics test renders an Lyrics Component 1`] = `
<div
  className="lyric"
>
  <h3>
    Mariah Carey
  </h3>
  <h4>
    Butterflies
  </h4>
  <p>
    Lorem, ipsum dolor sit amet consectetur adipisicing elit. Quod quaerat quae quam iusto omnis reprehenderit amet repellat. Atque accusantium suscipit rem sint quisquam repellat. Enim fuga excepturi magni blanditiis officia.
  </p>
</div>
`;
