// Jest Snapshot v1, https://goo.gl/fbAQLP

exports[`Paging renders the Paging component 1`] = `
<div
  className="paging"
>
  <button
    onClick={[Function]}
  >
    &lt;
  </button>
  <span>
    2
     out of 
    20
  </span>
  <button
    onClick={[Function]}
  >
    &gt;
  </button>
</div>
`;
