// Jest Snapshot v1, https://goo.gl/fbAQLP

exports[`Artist Component renders component 1`] = `
<div>
  <h2>
    Meatloaf
  </h2>
  <Songs
    artist="Meatloaf"
    works={
      Array [
        Object {
          "id": "abcd1234",
          "title": "The Blues",
        },
      ]
    }
  />
</div>
`;
